2026-09-10T09:09:15.866Z info 	[OtelGroupJob.health] loads=0/4 | last 60s: idle (0 groups completed)
2026-09-10T09:10:15.368Z info 	[OtelGroupJob.health] loads=0/4 | last 60s: idle (0 groups completed)
2026-09-10T09:11:15.316Z info 	[OtelGroupJob.health] loads=0/4 | last 60s: idle (0 groups completed)
2026-09-10T09:12:14.697Z info 	[OtelGroupJob.health] loads=0/4 | last 60s: idle (0 groups completed)
2026-09-10T09:13:14.917Z info 	[OtelGroupJob.health] loads=0/4 | last 60s: idle (0 groups completed)
2026-09-10T09:14:15.484Z info 	[OtelGroupJob.health] loads=0/4 | last 60s: idle (0 groups completed)
2026-09-10T09:15:15.302Z info 	[OtelGroupJob.health] loads=0/4 | last 60s: idle (0 groups completed)
2026-09-10T09:16:14.914Z info 	[OtelGroupJob.health] loads=0/4 | last 60s: idle (0 groups completed)
2026-09-10T09:17:15.049Z info 	[OtelGroupJob.health] loads=0/4 | last 60s: idle (0 groups completed)
2026-09-10T09:18:15.302Z info 	[OtelGroupJob.health] loads=0/4 | last 60s: idle (0 groups completed)
2026-09-10T09:19:15.027Z info 	[OtelGroupJob.health] loads=0/4 | last 60s: idle (0 groups completed)
2026-09-10T09:20:00.105Z info 	Executing Blob Storage Integration Job
2026-09-10T09:20:00.109Z info 	No blob storage integrations ready for sync
2026-09-10T09:20:14.538Z info 	[OtelGroupJob.health] loads=0/4 | last 60s: idle (0 groups completed)
2026-09-10T09:21:14.143Z info 	[OtelGroupJob.health] loads=0/4 | last 60s: idle (0 groups completed)
2026-09-10T09:22:14.867Z info 	[OtelGroupJob.health] loads=0/4 | last 60s: idle (0 groups completed)
2026-09-10T09:23:15.438Z info 	[OtelGroupJob.health] loads=0/4 | last 60s: idle (0 groups completed)
2026-09-10T09:24:15.728Z info 	[OtelGroupJob.health] loads=0/4 | last 60s: idle (0 groups completed)
2026-09-10T09:25:15.231Z info 	[OtelGroupJob.health] loads=0/4 | last 60s: idle (0 groups completed)
2026-09-10T09:26:15.182Z info 	[OtelGroupJob.health] loads=0/4 | last 60s: idle (0 groups completed)
2026-09-10T09:27:14.965Z info 	[OtelGroupJob.health] loads=0/4 | last 60s: idle (0 groups completed)
2026-09-10T09:28:14.747Z info 	[OtelGroupJob.health] loads=0/4 | last 60s: idle (0 groups completed)
2026-09-10T09:29:14.985Z info 	[OtelGroupJob.health] loads=0/4 | last 60s: idle (0 groups completed)
2026-09-10T09:30:00.039Z info 	Executing PostHog Integration Job
2026-09-10T09:30:00.043Z info 	[POSTHOG] No PostHog integrations ready for sync
2026-09-10T09:30:14.937Z info 	[OtelGroupJob.health] loads=0/4 | last 60s: idle (0 groups completed)
2026-09-10T09:31:13.971Z info 	[OtelGroupJob.health] loads=0/4 | last 60s: idle (0 groups completed)
2026-09-10T09:32:13.503Z info 	[OtelGroupJob.health] loads=0/4 | last 60s: idle (0 groups completed)
2026-09-10T09:33:12.820Z info 	[OtelGroupJob.health] loads=0/4 | last 60s: idle (0 groups completed)
2026-09-10T09:34:12.683Z info 	[OtelGroupJob.health] loads=0/4 | last 60s: idle (0 groups completed)
2026-09-10T09:35:12.988Z info 	[OtelGroupJob.health] loads=0/4 | last 60s: idle (0 groups completed)
2026-09-10T09:36:14.057Z info 	[OtelGroupJob.health] loads=0/4 | last 60s: idle (0 groups completed)
2026-09-10T09:37:14.299Z info 	[OtelGroupJob.health] loads=0/4 | last 60s: idle (0 groups completed)
2026-09-10T09:38:13.654Z info 	[OtelGroupJob.health] loads=0/4 | last 60s: idle (0 groups completed)
2026-09-10T09:39:14.102Z info 	[OtelGroupJob.health] loads=0/4 | last 60s: idle (0 groups completed)
2026-09-10T09:40:14.237Z info 	[OtelGroupJob.health] loads=0/4 | last 60s: idle (0 groups completed)
2026-09-10T09:41:14.013Z info 	[OtelGroupJob.health] loads=0/4 | last 60s: idle (0 groups completed)
2026-09-10T09:42:14.355Z info 	[OtelGroupJob.health] loads=0/4 | last 60s: idle (0 groups completed)
2026-09-10T09:43:13.276Z info 	[OtelGroupJob.health] loads=0/4 | last 60s: idle (0 groups completed)
2026-09-10T09:44:13.141Z info 	[OtelGroupJob.health] loads=0/4 | last 60s: idle (0 groups completed)
