2026-09-09 17:39:59.183 UTC [52] LOG:  checkpoint starting: time
2026-09-09 17:39:59.298 UTC [52] LOG:  checkpoint complete: wrote 2 buffers (0.0%); 0 WAL file(s) added, 0 removed, 0 recycled; write=0.103 s, sync=0.003 s, total=0.115 s; sync files=2, longest=0.002 s, average=0.002 s; distance=5 kB, estimate=5 kB; lsn=0/2217988, redo lsn=0/2217930
2026-09-09 18:40:00.496 UTC [52] LOG:  checkpoint starting: time
2026-09-09 18:40:00.816 UTC [52] LOG:  checkpoint complete: wrote 4 buffers (0.0%); 0 WAL file(s) added, 0 removed, 0 recycled; write=0.304 s, sync=0.003 s, total=0.321 s; sync files=4, longest=0.002 s, average=0.001 s; distance=16 kB, estimate=16 kB; lsn=0/221BA70, redo lsn=0/221BA18
2026-09-09 19:35:01.915 UTC [52] LOG:  checkpoint starting: time
2026-09-09 19:35:02.132 UTC [52] LOG:  checkpoint complete: wrote 3 buffers (0.0%); 0 WAL file(s) added, 0 removed, 0 recycled; write=0.204 s, sync=0.004 s, total=0.217 s; sync files=3, longest=0.003 s, average=0.002 s; distance=6 kB, estimate=15 kB; lsn=0/221D2B0, redo lsn=0/221D258
2026-09-09 20:00:01.631 UTC [52] LOG:  checkpoint starting: time
2026-09-09 20:00:01.742 UTC [52] LOG:  checkpoint complete: wrote 2 buffers (0.0%); 0 WAL file(s) added, 0 removed, 0 recycled; write=0.102 s, sync=0.003 s, total=0.111 s; sync files=2, longest=0.002 s, average=0.002 s; distance=1 kB, estimate=13 kB; lsn=0/221DA20, redo lsn=0/221D9C8
2026-09-09 20:35:02.439 UTC [52] LOG:  checkpoint starting: time
2026-09-09 20:35:02.551 UTC [52] LOG:  checkpoint complete: wrote 2 buffers (0.0%); 0 WAL file(s) added, 0 removed, 0 recycled; write=0.103 s, sync=0.002 s, total=0.113 s; sync files=2, longest=0.001 s, average=0.001 s; distance=6 kB, estimate=13 kB; lsn=0/221F2C8, redo lsn=0/221F270
2026-09-09 20:40:02.651 UTC [52] LOG:  checkpoint starting: time
2026-09-09 20:40:02.961 UTC [52] LOG:  checkpoint complete: wrote 3 buffers (0.0%); 0 WAL file(s) added, 0 removed, 0 recycled; write=0.302 s, sync=0.002 s, total=0.310 s; sync files=3, longest=0.002 s, average=0.001 s; distance=15 kB, estimate=15 kB; lsn=0/2223200, redo lsn=0/22231A8
2026-09-09 21:35:04.059 UTC [52] LOG:  checkpoint starting: time
2026-09-09 21:35:04.272 UTC [52] LOG:  checkpoint complete: wrote 3 buffers (0.0%); 0 WAL file(s) added, 0 removed, 0 recycled; write=0.203 s, sync=0.002 s, total=0.213 s; sync files=3, longest=0.001 s, average=0.001 s; distance=9 kB, estimate=15 kB; lsn=0/2225660, redo lsn=0/2225608
2026-09-09 22:35:05.471 UTC [52] LOG:  checkpoint starting: time
2026-09-09 22:35:05.585 UTC [52] LOG:  checkpoint complete: wrote 2 buffers (0.0%); 0 WAL file(s) added, 0 removed, 0 recycled; write=0.103 s, sync=0.003 s, total=0.114 s; sync files=2, longest=0.002 s, average=0.002 s; distance=1 kB, estimate=13 kB; lsn=0/2225B40, redo lsn=0/2225AE8
2026-09-09 23:35:06.783 UTC [52] LOG:  checkpoint starting: time
2026-09-09 23:35:06.897 UTC [52] LOG:  checkpoint complete: wrote 2 buffers (0.0%); 0 WAL file(s) added, 0 removed, 0 recycled; write=0.103 s, sync=0.003 s, total=0.114 s; sync files=2, longest=0.002 s, average=0.002 s; distance=1 kB, estimate=12 kB; lsn=0/2226068, redo lsn=0/2225FF8
2026-09-10 00:35:08.095 UTC [52] LOG:  checkpoint starting: time
2026-09-10 00:35:08.212 UTC [52] LOG:  checkpoint complete: wrote 2 buffers (0.0%); 0 WAL file(s) added, 0 removed, 0 recycled; write=0.105 s, sync=0.003 s, total=0.117 s; sync files=2, longest=0.002 s, average=0.002 s; distance=1 kB, estimate=11 kB; lsn=0/2226618, redo lsn=0/22265C0
2026-09-10 01:35:09.411 UTC [52] LOG:  checkpoint starting: time
2026-09-10 01:35:09.525 UTC [52] LOG:  checkpoint complete: wrote 2 buffers (0.0%); 0 WAL file(s) added, 0 removed, 0 recycled; write=0.103 s, sync=0.003 s, total=0.115 s; sync files=2, longest=0.002 s, average=0.002 s; distance=1 kB, estimate=10 kB; lsn=0/2226C30, redo lsn=0/2226BD8
2026-09-10 02:35:10.723 UTC [52] LOG:  checkpoint starting: time
2026-09-10 02:35:10.837 UTC [52] LOG:  checkpoint complete: wrote 2 buffers (0.0%); 0 WAL file(s) added, 0 removed, 0 recycled; write=0.103 s, sync=0.003 s, total=0.115 s; sync files=2, longest=0.002 s, average=0.002 s; distance=1 kB, estimate=9 kB; lsn=0/22272B0, redo lsn=0/2227258
2026-09-10 03:35:12.035 UTC [52] LOG:  checkpoint starting: time
2026-09-10 03:35:12.148 UTC [52] LOG:  checkpoint complete: wrote 2 buffers (0.0%); 0 WAL file(s) added, 0 removed, 0 recycled; write=0.103 s, sync=0.003 s, total=0.114 s; sync files=2, longest=0.002 s, average=0.002 s; distance=1 kB, estimate=8 kB; lsn=0/2227998, redo lsn=0/2227940
2026-09-10 04:35:13.347 UTC [52] LOG:  checkpoint starting: time
2026-09-10 04:35:13.458 UTC [52] LOG:  checkpoint complete: wrote 2 buffers (0.0%); 0 WAL file(s) added, 0 removed, 0 recycled; write=0.102 s, sync=0.003 s, total=0.112 s; sync files=2, longest=0.002 s, average=0.002 s; distance=1 kB, estimate=8 kB; lsn=0/2228100, redo lsn=0/22280A8
2026-09-10 05:35:14.655 UTC [52] LOG:  checkpoint starting: time
2026-09-10 05:35:14.765 UTC [52] LOG:  checkpoint complete: wrote 2 buffers (0.0%); 0 WAL file(s) added, 0 removed, 0 recycled; write=0.102 s, sync=0.003 s, total=0.110 s; sync files=2, longest=0.002 s, average=0.002 s; distance=1 kB, estimate=7 kB; lsn=0/22288B8, redo lsn=0/2228860
2026-09-10 06:35:15.963 UTC [52] LOG:  checkpoint starting: time
2026-09-10 06:35:16.073 UTC [52] LOG:  checkpoint complete: wrote 2 buffers (0.0%); 0 WAL file(s) added, 0 removed, 0 recycled; write=0.102 s, sync=0.003 s, total=0.110 s; sync files=2, longest=0.002 s, average=0.002 s; distance=2 kB, estimate=6 kB; lsn=0/22290D8, redo lsn=0/2229080
2026-09-10 07:35:16.271 UTC [52] LOG:  checkpoint starting: time
2026-09-10 07:35:16.381 UTC [52] LOG:  checkpoint complete: wrote 2 buffers (0.0%); 0 WAL file(s) added, 0 removed, 0 recycled; write=0.102 s, sync=0.002 s, total=0.110 s; sync files=2, longest=0.001 s, average=0.001 s; distance=2 kB, estimate=6 kB; lsn=0/2229960, redo lsn=0/2229908
2026-09-10 08:00:16.879 UTC [52] LOG:  checkpoint starting: time
2026-09-10 08:00:16.992 UTC [52] LOG:  checkpoint complete: wrote 2 buffers (0.0%); 0 WAL file(s) added, 0 removed, 0 recycled; write=0.103 s, sync=0.002 s, total=0.113 s; sync files=2, longest=0.001 s, average=0.001 s; distance=2 kB, estimate=5 kB; lsn=0/222A1D8, redo lsn=0/222A180
2026-09-10 08:35:17.691 UTC [52] LOG:  checkpoint starting: time
2026-09-10 08:35:17.802 UTC [52] LOG:  checkpoint complete: wrote 2 buffers (0.0%); 0 WAL file(s) added, 0 removed, 0 recycled; write=0.102 s, sync=0.003 s, total=0.111 s; sync files=2, longest=0.002 s, average=0.002 s; distance=2 kB, estimate=5 kB; lsn=0/222AAC8, redo lsn=0/222AA70
2026-09-10 09:35:18.999 UTC [52] LOG:  checkpoint starting: time
2026-09-10 09:35:19.113 UTC [52] LOG:  checkpoint complete: wrote 2 buffers (0.0%); 0 WAL file(s) added, 0 removed, 0 recycled; write=0.103 s, sync=0.003 s, total=0.115 s; sync files=2, longest=0.002 s, average=0.002 s; distance=2 kB, estimate=5 kB; lsn=0/222B420, redo lsn=0/222B3C8
